aa66e114c8b98024	200	https://roofschamp.co.il/	__home__
84b263793ba81a17	200	https://roofschamp.co.il/%d7%90%d7%96%d7%95%d7%a8%d7%99-%d7%a9%d7%99%d7%a8%d7%95%d7%aa/	%d7%90%d7%96%d7%95%d7%a8%d7%99-%d7%a9%d7%99%d7%a8%d7%95%d7%aa
79f0bf0a2b57310d	200	https://roofschamp.co.il/%d7%90%d7%97%d7%a8%d7%99%d7%95%d7%aa-%d7%a2%d7%9c-%d7%90%d7%99%d7%98%d7%95%d7%9d-%d7%92%d7%92/	%d7%90%d7%97%d7%a8%d7%99%d7%95%d7%aa-%d7%a2%d7%9c-%d7%90%d7%99%d7%98%d7%95%d7%9d-%d7%92%d7%92
e812787c961b6e3b	200	https://roofschamp.co.il/%d7%90%d7%99%d7%98%d7%95%d7%9d-%d7%90%d7%a7%d7%a8%d7%99%d7%9c%d7%99/	%d7%90%d7%99%d7%98%d7%95%d7%9d-%d7%90%d7%a7%d7%a8%d7%99%d7%9c%d7%99
df17571969f12ec9	200	https://roofschamp.co.il/%d7%90%d7%99%d7%98%d7%95%d7%9d-%d7%90%d7%9e%d7%91%d7%98%d7%99%d7%94/	%d7%90%d7%99%d7%98%d7%95%d7%9d-%d7%90%d7%9e%d7%91%d7%98%d7%99%d7%94
134f948ad9f5b684	200	https://roofschamp.co.il/%d7%90%d7%99%d7%98%d7%95%d7%9d-%d7%92%d7%92%d7%95%d7%aa-%d7%91%d7%90%d7%91%d7%9f-%d7%99%d7%94%d7%95%d7%93%d7%94/	%d7%90%d7%99%d7%98%d7%95%d7%9d-%d7%92%d7%92%d7%95%d7%aa-%d7%91%d7%90%d7%91%d7%9f-%d7%99%d7%94%d7%95%d7%93%d7%94
d8709a4ec71f110e	200	https://roofschamp.co.il/%d7%90%d7%99%d7%98%d7%95%d7%9d-%d7%91%d7%9e%d7%a2%d7%92%d7%9f-%d7%9e%d7%99%d7%9b%d7%90%d7%9c/	%d7%90%d7%99%d7%98%d7%95%d7%9d-%d7%91%d7%9e%d7%a2%d7%92%d7%9f-%d7%9e%d7%99%d7%9b%d7%90%d7%9c
710595ef8e59d511	200	https://roofschamp.co.il/%d7%90%d7%99%d7%98%d7%95%d7%9d-%d7%91%d7%94%d7%aa%d7%96%d7%94/	%d7%90%d7%99%d7%98%d7%95%d7%9d-%d7%91%d7%94%d7%aa%d7%96%d7%94
9768290545bbd30e	200	https://roofschamp.co.il/%d7%90%d7%99%d7%98%d7%95%d7%9d-%d7%91%d7%a0%d7%99%d7%99%d7%9f/	%d7%90%d7%99%d7%98%d7%95%d7%9d-%d7%91%d7%a0%d7%99%d7%99%d7%9f
0a5a4b35e1fc1795	200	https://roofschamp.co.il/%d7%90%d7%99%d7%98%d7%95%d7%9d-%d7%91%d7%a1%d7%a0%d7%a4%d7%9c%d7%99%d7%a0%d7%92/	%d7%90%d7%99%d7%98%d7%95%d7%9d-%d7%91%d7%a1%d7%a0%d7%a4%d7%9c%d7%99%d7%a0%d7%92
2b584ddc26e45c20	200	https://roofschamp.co.il/%d7%90%d7%99%d7%98%d7%95%d7%9d-%d7%92%d7%92%d7%95%d7%aa-%d7%91%d7%90%d7%95%d7%a8-%d7%94%d7%92%d7%a0%d7%95%d7%96/	%d7%90%d7%99%d7%98%d7%95%d7%9d-%d7%92%d7%92%d7%95%d7%aa-%d7%91%d7%90%d7%95%d7%a8-%d7%94%d7%92%d7%a0%d7%95%d7%96
a42e23a9d8f6ea8b	200	https://roofschamp.co.il/%d7%90%d7%99%d7%98%d7%95%d7%9d-%d7%92%d7%92%d7%95%d7%aa-%d7%91%d7%90%d7%95%d7%a8-%d7%99%d7%94%d7%95%d7%93%d7%94/	%d7%90%d7%99%d7%98%d7%95%d7%9d-%d7%92%d7%92%d7%95%d7%aa-%d7%91%d7%90%d7%95%d7%a8-%d7%99%d7%94%d7%95%d7%93%d7%94
4207e3709090e3aa	200	https://roofschamp.co.il/%d7%90%d7%99%d7%98%d7%95%d7%9d-%d7%92%d7%92%d7%95%d7%aa-%d7%91%d7%90%d7%95%d7%a8-%d7%a2%d7%a7%d7%99%d7%91%d7%90/	%d7%90%d7%99%d7%98%d7%95%d7%9d-%d7%92%d7%92%d7%95%d7%aa-%d7%91%d7%90%d7%95%d7%a8-%d7%a2%d7%a7%d7%99%d7%91%d7%90
87e19c269bca06d8	200	https://roofschamp.co.il/%d7%90%d7%99%d7%98%d7%95%d7%9d-%d7%92%d7%92%d7%95%d7%aa-%d7%91%d7%90%d7%95%d7%a8%d7%a0%d7%99%d7%aa/	%d7%90%d7%99%d7%98%d7%95%d7%9d-%d7%92%d7%92%d7%95%d7%aa-%d7%91%d7%90%d7%95%d7%a8%d7%a0%d7%99%d7%aa
dba95870749e8aa8	200	https://roofschamp.co.il/%d7%90%d7%99%d7%98%d7%95%d7%9d-%d7%92%d7%92%d7%95%d7%aa-%d7%91%d7%90%d7%9c%d7%a2%d7%93/	%d7%90%d7%99%d7%98%d7%95%d7%9d-%d7%92%d7%92%d7%95%d7%aa-%d7%91%d7%90%d7%9c%d7%a2%d7%93
1e1e329281ecf873	200	https://roofschamp.co.il/%d7%90%d7%99%d7%98%d7%95%d7%9d-%d7%92%d7%92%d7%95%d7%aa-%d7%91%d7%90%d7%96%d7%95%d7%a8/	%d7%90%d7%99%d7%98%d7%95%d7%9d-%d7%92%d7%92%d7%95%d7%aa-%d7%91%d7%90%d7%96%d7%95%d7%a8
5cbb963c21c8ab83	200	https://roofschamp.co.il/%d7%90%d7%99%d7%98%d7%95%d7%9d-%d7%92%d7%92%d7%95%d7%aa-%d7%91%d7%90%d7%9c%d7%a4%d7%99-%d7%9e%d7%a0%d7%a9%d7%94/	%d7%90%d7%99%d7%98%d7%95%d7%9d-%d7%92%d7%92%d7%95%d7%aa-%d7%91%d7%90%d7%9c%d7%a4%d7%99-%d7%9e%d7%a0%d7%a9%d7%94
4013baffc4841b3c	200	https://roofschamp.co.il/%d7%90%d7%99%d7%98%d7%95%d7%9d-%d7%92%d7%92%d7%95%d7%aa-%d7%91%d7%90%d7%9e%d7%95%d7%a0%d7%99%d7%9d/	%d7%90%d7%99%d7%98%d7%95%d7%9d-%d7%92%d7%92%d7%95%d7%aa-%d7%91%d7%90%d7%9e%d7%95%d7%a0%d7%99%d7%9d
39a59c5bb910eb27	200	https://roofschamp.co.il/%d7%90%d7%99%d7%98%d7%95%d7%9d-%d7%92%d7%92%d7%95%d7%aa-%d7%91%d7%90%d7%95%d7%a4%d7%a7%d7%99%d7%9d/	%d7%90%d7%99%d7%98%d7%95%d7%9d-%d7%92%d7%92%d7%95%d7%aa-%d7%91%d7%90%d7%95%d7%a4%d7%a7%d7%99%d7%9d
a40d2f253d90f19c	200	https://roofschamp.co.il/%d7%90%d7%99%d7%98%d7%95%d7%9d-%d7%92%d7%92%d7%95%d7%aa-%d7%91%d7%90%d7%a9%d7%93%d7%95%d7%93/	%d7%90%d7%99%d7%98%d7%95%d7%9d-%d7%92%d7%92%d7%95%d7%aa-%d7%91%d7%90%d7%a9%d7%93%d7%95%d7%93
81baec0ed1a09785	200	https://roofschamp.co.il/%d7%90%d7%99%d7%98%d7%95%d7%9d-%d7%92%d7%92%d7%95%d7%aa-%d7%91%d7%90%d7%a8%d7%99%d7%90%d7%9c/	%d7%90%d7%99%d7%98%d7%95%d7%9d-%d7%92%d7%92%d7%95%d7%aa-%d7%91%d7%90%d7%a8%d7%99%d7%90%d7%9c
04b55a5e9bf0198c	200	https://roofschamp.co.il/%d7%90%d7%99%d7%98%d7%95%d7%9d-%d7%92%d7%92%d7%95%d7%aa-%d7%91%d7%90%d7%9e%d7%99%d7%a8%d7%99%d7%9d/	%d7%90%d7%99%d7%98%d7%95%d7%9d-%d7%92%d7%92%d7%95%d7%aa-%d7%91%d7%90%d7%9e%d7%99%d7%a8%d7%99%d7%9d
fb1206a75e4b0c8e	200	https://roofschamp.co.il/%d7%90%d7%99%d7%98%d7%95%d7%9d-%d7%92%d7%92%d7%95%d7%aa-%d7%91%d7%90%d7%a9%d7%a7%d7%9c%d7%95%d7%9f/	%d7%90%d7%99%d7%98%d7%95%d7%9d-%d7%92%d7%92%d7%95%d7%aa-%d7%91%d7%90%d7%a9%d7%a7%d7%9c%d7%95%d7%9f
50e273a54a843e08	200	https://roofschamp.co.il/%d7%90%d7%99%d7%98%d7%95%d7%9d-%d7%92%d7%92%d7%95%d7%aa-%d7%91%d7%91%d7%90%d7%a8-%d7%99%d7%a2%d7%a7%d7%91/	%d7%90%d7%99%d7%98%d7%95%d7%9d-%d7%92%d7%92%d7%95%d7%aa-%d7%91%d7%91%d7%90%d7%a8-%d7%99%d7%a2%d7%a7%d7%91
7c62a12accd2615a	200	https://roofschamp.co.il/%d7%90%d7%99%d7%98%d7%95%d7%9d-%d7%92%d7%92%d7%95%d7%aa-%d7%91%d7%91%d7%99%d7%aa-%d7%90%d7%9c%d7%a2%d7%96%d7%a8%d7%99/	%d7%90%d7%99%d7%98%d7%95%d7%9d-%d7%92%d7%92%d7%95%d7%aa-%d7%91%d7%91%d7%99%d7%aa-%d7%90%d7%9c%d7%a2%d7%96%d7%a8%d7%99
27d84455ccf47c39	200	https://roofschamp.co.il/%d7%90%d7%99%d7%98%d7%95%d7%9d-%d7%92%d7%92%d7%95%d7%aa-%d7%91%d7%91%d7%90%d7%a8-%d7%a9%d7%91%d7%a2/	%d7%90%d7%99%d7%98%d7%95%d7%9d-%d7%92%d7%92%d7%95%d7%aa-%d7%91%d7%91%d7%90%d7%a8-%d7%a9%d7%91%d7%a2
295e7e3f958d8eab	200	https://roofschamp.co.il/%d7%90%d7%99%d7%98%d7%95%d7%9d-%d7%92%d7%92%d7%95%d7%aa-%d7%91%d7%91%d7%99%d7%aa-%d7%90%d7%a8%d7%99%d7%94-2/	%d7%90%d7%99%d7%98%d7%95%d7%9d-%d7%92%d7%92%d7%95%d7%aa-%d7%91%d7%91%d7%99%d7%aa-%d7%90%d7%a8%d7%99%d7%94-2
fed307cd721b8b9a	200	https://roofschamp.co.il/%d7%90%d7%99%d7%98%d7%95%d7%9d-%d7%92%d7%92%d7%95%d7%aa-%d7%91%d7%90%d7%a4%d7%a8%d7%aa/	%d7%90%d7%99%d7%98%d7%95%d7%9d-%d7%92%d7%92%d7%95%d7%aa-%d7%91%d7%90%d7%a4%d7%a8%d7%aa
970b5fbd51f981dd	200	https://roofschamp.co.il/%d7%90%d7%99%d7%98%d7%95%d7%9d-%d7%92%d7%92%d7%95%d7%aa-%d7%91%d7%91%d7%99%d7%aa-%d7%90%d7%a8%d7%99%d7%94/	%d7%90%d7%99%d7%98%d7%95%d7%9d-%d7%92%d7%92%d7%95%d7%aa-%d7%91%d7%91%d7%99%d7%aa-%d7%90%d7%a8%d7%99%d7%94
e51fea2b1e376346	200	https://roofschamp.co.il/%d7%90%d7%99%d7%98%d7%95%d7%9d-%d7%92%d7%92%d7%95%d7%aa-%d7%91%d7%91%d7%99%d7%aa-%d7%90%d7%9c/	%d7%90%d7%99%d7%98%d7%95%d7%9d-%d7%92%d7%92%d7%95%d7%aa-%d7%91%d7%91%d7%99%d7%aa-%d7%90%d7%9c
8ec9dc7b96cc958a	200	https://roofschamp.co.il/%d7%90%d7%99%d7%98%d7%95%d7%9d-%d7%92%d7%92%d7%95%d7%aa-%d7%91%d7%91%d7%99%d7%aa-%d7%92%d7%95%d7%91%d7%a8%d7%99%d7%9f/	%d7%90%d7%99%d7%98%d7%95%d7%9d-%d7%92%d7%92%d7%95%d7%aa-%d7%91%d7%91%d7%99%d7%aa-%d7%92%d7%95%d7%91%d7%a8%d7%99%d7%9f
5c43cc893e4ad741	200	https://roofschamp.co.il/%d7%90%d7%99%d7%98%d7%95%d7%9d-%d7%92%d7%92%d7%95%d7%aa-%d7%91%d7%91%d7%99%d7%aa-%d7%97%d7%95%d7%a8%d7%95%d7%9f/	%d7%90%d7%99%d7%98%d7%95%d7%9d-%d7%92%d7%92%d7%95%d7%aa-%d7%91%d7%91%d7%99%d7%aa-%d7%97%d7%95%d7%a8%d7%95%d7%9f
e373406811d039a7	200	https://roofschamp.co.il/%d7%90%d7%99%d7%98%d7%95%d7%9d-%d7%92%d7%92%d7%95%d7%aa-%d7%91%d7%91%d7%99%d7%aa-%d7%93%d7%92%d7%9f/	%d7%90%d7%99%d7%98%d7%95%d7%9d-%d7%92%d7%92%d7%95%d7%aa-%d7%91%d7%91%d7%99%d7%aa-%d7%93%d7%92%d7%9f
d1e710458059a69c	200	https://roofschamp.co.il/%d7%90%d7%99%d7%98%d7%95%d7%9d-%d7%92%d7%92%d7%95%d7%aa-%d7%91%d7%91%d7%99%d7%aa-%d7%99%d7%94%d7%95%d7%a9%d7%a2/	%d7%90%d7%99%d7%98%d7%95%d7%9d-%d7%92%d7%92%d7%95%d7%aa-%d7%91%d7%91%d7%99%d7%aa-%d7%99%d7%94%d7%95%d7%a9%d7%a2
c18d44f99eb52520	200	https://roofschamp.co.il/%d7%90%d7%99%d7%98%d7%95%d7%9d-%d7%92%d7%92%d7%95%d7%aa-%d7%91%d7%91%d7%99%d7%aa-%d7%a9%d7%9e%d7%a9/	%d7%90%d7%99%d7%98%d7%95%d7%9d-%d7%92%d7%92%d7%95%d7%aa-%d7%91%d7%91%d7%99%d7%aa-%d7%a9%d7%9e%d7%a9
21e5a66aec548b7f	200	https://roofschamp.co.il/%d7%90%d7%99%d7%98%d7%95%d7%9d-%d7%92%d7%92%d7%95%d7%aa-%d7%91%d7%91%d7%a0%d7%99%d7%9e%d7%99%d7%a0%d7%94-2/	%d7%90%d7%99%d7%98%d7%95%d7%9d-%d7%92%d7%92%d7%95%d7%aa-%d7%91%d7%91%d7%a0%d7%99%d7%9e%d7%99%d7%a0%d7%94-2
5f91c0c334bf08ae	200	https://roofschamp.co.il/%d7%90%d7%99%d7%98%d7%95%d7%9d-%d7%92%d7%92%d7%95%d7%aa-%d7%91%d7%91%d7%99%d7%aa-%d7%a9%d7%90%d7%9f/	%d7%90%d7%99%d7%98%d7%95%d7%9d-%d7%92%d7%92%d7%95%d7%aa-%d7%91%d7%91%d7%99%d7%aa-%d7%a9%d7%90%d7%9f
8d0b01b97b6dece0	200	https://roofschamp.co.il/%d7%90%d7%99%d7%98%d7%95%d7%9d-%d7%92%d7%92%d7%95%d7%aa-%d7%91%d7%91%d7%a0%d7%99-%d7%91%d7%a8%d7%a7/	%d7%90%d7%99%d7%98%d7%95%d7%9d-%d7%92%d7%92%d7%95%d7%aa-%d7%91%d7%91%d7%a0%d7%99-%d7%91%d7%a8%d7%a7
9daa3447908da44d	200	https://roofschamp.co.il/%d7%90%d7%99%d7%98%d7%95%d7%9d-%d7%92%d7%92%d7%95%d7%aa-%d7%91%d7%91%d7%a0%d7%99%d7%9e%d7%99%d7%a0%d7%94/	%d7%90%d7%99%d7%98%d7%95%d7%9d-%d7%92%d7%92%d7%95%d7%aa-%d7%91%d7%91%d7%a0%d7%99%d7%9e%d7%99%d7%a0%d7%94
9bdb2ba5e3e03c25	200	https://roofschamp.co.il/%d7%90%d7%99%d7%98%d7%95%d7%9d-%d7%92%d7%92%d7%95%d7%aa-%d7%91%d7%91%d7%a0%d7%99-%d7%a2%d7%99%d7%99%d7%a9/	%d7%90%d7%99%d7%98%d7%95%d7%9d-%d7%92%d7%92%d7%95%d7%aa-%d7%91%d7%91%d7%a0%d7%99-%d7%a2%d7%99%d7%99%d7%a9
badae08c456895bf	200	https://roofschamp.co.il/%d7%90%d7%99%d7%98%d7%95%d7%9d-%d7%92%d7%92%d7%95%d7%aa-%d7%91%d7%92%d7%91%d7%a2%d7%aa%d7%99%d7%99%d7%9d/	%d7%90%d7%99%d7%98%d7%95%d7%9d-%d7%92%d7%92%d7%95%d7%aa-%d7%91%d7%92%d7%91%d7%a2%d7%aa%d7%99%d7%99%d7%9d
aa09cbb8ca9219b9	200	https://roofschamp.co.il/%d7%90%d7%99%d7%98%d7%95%d7%9d-%d7%92%d7%92%d7%95%d7%aa-%d7%91%d7%92%d7%91%d7%a2%d7%aa-%d7%96%d7%90%d7%91/	%d7%90%d7%99%d7%98%d7%95%d7%9d-%d7%92%d7%92%d7%95%d7%aa-%d7%91%d7%92%d7%91%d7%a2%d7%aa-%d7%96%d7%90%d7%91
e13e21f833b4ea93	200	https://roofschamp.co.il/%d7%90%d7%99%d7%98%d7%95%d7%9d-%d7%92%d7%92%d7%95%d7%aa-%d7%91%d7%91%d7%aa-%d7%99%d7%9d/	%d7%90%d7%99%d7%98%d7%95%d7%9d-%d7%92%d7%92%d7%95%d7%aa-%d7%91%d7%91%d7%aa-%d7%99%d7%9d
515535733d68626b	200	https://roofschamp.co.il/%d7%90%d7%99%d7%98%d7%95%d7%9d-%d7%92%d7%92%d7%95%d7%aa-%d7%91%d7%92%d7%93%d7%a8%d7%94/	%d7%90%d7%99%d7%98%d7%95%d7%9d-%d7%92%d7%92%d7%95%d7%aa-%d7%91%d7%92%d7%93%d7%a8%d7%94
1a5a3131de56c911	200	https://roofschamp.co.il/%d7%90%d7%99%d7%98%d7%95%d7%9d-%d7%92%d7%92%d7%95%d7%aa-%d7%91%d7%92%d7%91%d7%a2%d7%aa-%d7%a9%d7%9e%d7%95%d7%90%d7%9c/	%d7%90%d7%99%d7%98%d7%95%d7%9d-%d7%92%d7%92%d7%95%d7%aa-%d7%91%d7%92%d7%91%d7%a2%d7%aa-%d7%a9%d7%9e%d7%95%d7%90%d7%9c
d1963e1749c2284b	200	https://roofschamp.co.il/%d7%90%d7%99%d7%98%d7%95%d7%9d-%d7%92%d7%92%d7%95%d7%aa-%d7%91%d7%92%d7%95%d7%a9-%d7%a2%d7%a6%d7%99%d7%95%d7%9f/	%d7%90%d7%99%d7%98%d7%95%d7%9d-%d7%92%d7%92%d7%95%d7%aa-%d7%91%d7%92%d7%95%d7%a9-%d7%a2%d7%a6%d7%99%d7%95%d7%9f
4cc66622a863a37e	200	https://roofschamp.co.il/%d7%90%d7%99%d7%98%d7%95%d7%9d-%d7%92%d7%92%d7%95%d7%aa-%d7%91%d7%92%d7%9f-%d7%99%d7%91%d7%a0%d7%94-%d7%9e%d7%99%d7%93%d7%a2-%d7%a8%d7%9c%d7%95%d7%95%d7%a0%d7%98%d7%99-%d7%95%d7%9e%d7%97%d7%99%d7%a8/	%d7%90%d7%99%d7%98%d7%95%d7%9d-%d7%92%d7%92%d7%95%d7%aa-%d7%91%d7%92%d7%9f-%d7%99%d7%91%d7%a0%d7%94-%d7%9e%d7%99%d7%93%d7%a2-%d7%a8%d7%9c%d7%95%d7%95%d7%a0%d7%98%d7%99-%d7%95%d7%9e%d7%97%d7%99%d7%a8
0df9b3cddcd5c25d	200	https://roofschamp.co.il/%d7%90%d7%99%d7%98%d7%95%d7%9d-%d7%92%d7%92%d7%95%d7%aa-%d7%91%d7%92%d7%9f-%d7%99%d7%91%d7%a0%d7%94/	%d7%90%d7%99%d7%98%d7%95%d7%9d-%d7%92%d7%92%d7%95%d7%aa-%d7%91%d7%92%d7%9f-%d7%99%d7%91%d7%a0%d7%94
7c0145fce6613a0f	200	https://roofschamp.co.il/%d7%90%d7%99%d7%98%d7%95%d7%9d-%d7%92%d7%92%d7%95%d7%aa-%d7%91%d7%94%d7%95%d7%93-%d7%94%d7%a9%d7%a8%d7%95%d7%9f/	%d7%90%d7%99%d7%98%d7%95%d7%9d-%d7%92%d7%92%d7%95%d7%aa-%d7%91%d7%94%d7%95%d7%93-%d7%94%d7%a9%d7%a8%d7%95%d7%9f
1231d518ceb9e3ac	200	https://roofschamp.co.il/%d7%90%d7%99%d7%98%d7%95%d7%9d-%d7%92%d7%92%d7%95%d7%aa-%d7%91%d7%93%d7%a8%d7%95%d7%9d/	%d7%90%d7%99%d7%98%d7%95%d7%9d-%d7%92%d7%92%d7%95%d7%aa-%d7%91%d7%93%d7%a8%d7%95%d7%9d
ac2015800eb0384e	200	https://roofschamp.co.il/%d7%90%d7%99%d7%98%d7%95%d7%9d-%d7%92%d7%92%d7%95%d7%aa-%d7%91%d7%96%d7%9e%d7%a8/	%d7%90%d7%99%d7%98%d7%95%d7%9d-%d7%92%d7%92%d7%95%d7%aa-%d7%91%d7%96%d7%9e%d7%a8
3b1fc96fb45534d1	200	https://roofschamp.co.il/%d7%90%d7%99%d7%98%d7%95%d7%9d-%d7%92%d7%92%d7%95%d7%aa-%d7%91%d7%96%d7%9b%d7%a8%d7%95%d7%9f-%d7%99%d7%a2%d7%a7%d7%91/	%d7%90%d7%99%d7%98%d7%95%d7%9d-%d7%92%d7%92%d7%95%d7%aa-%d7%91%d7%96%d7%9b%d7%a8%d7%95%d7%9f-%d7%99%d7%a2%d7%a7%d7%91
f92ba29195610051	200	https://roofschamp.co.il/%d7%90%d7%99%d7%98%d7%95%d7%9d-%d7%92%d7%92%d7%95%d7%aa-%d7%91%d7%97%d7%93%d7%a8%d7%94/	%d7%90%d7%99%d7%98%d7%95%d7%9d-%d7%92%d7%92%d7%95%d7%aa-%d7%91%d7%97%d7%93%d7%a8%d7%94
3a864748f8defcfa	200	https://roofschamp.co.il/%d7%90%d7%99%d7%98%d7%95%d7%9d-%d7%92%d7%92%d7%95%d7%aa-%d7%91%d7%94%d7%a8%d7%a6%d7%9c%d7%99%d7%94/	%d7%90%d7%99%d7%98%d7%95%d7%9d-%d7%92%d7%92%d7%95%d7%aa-%d7%91%d7%94%d7%a8%d7%a6%d7%9c%d7%99%d7%94
f4fd41f3457838cf	200	https://roofschamp.co.il/%d7%90%d7%99%d7%98%d7%95%d7%9d-%d7%92%d7%92%d7%95%d7%aa-%d7%91%d7%97%d7%95%d7%9c%d7%95%d7%9f/	%d7%90%d7%99%d7%98%d7%95%d7%9d-%d7%92%d7%92%d7%95%d7%aa-%d7%91%d7%97%d7%95%d7%9c%d7%95%d7%9f
e1b3a8f6d729b663	200	https://roofschamp.co.il/%d7%90%d7%99%d7%98%d7%95%d7%9d-%d7%92%d7%92%d7%95%d7%aa-%d7%91%d7%97%d7%99%d7%a4%d7%94/	%d7%90%d7%99%d7%98%d7%95%d7%9d-%d7%92%d7%92%d7%95%d7%aa-%d7%91%d7%97%d7%99%d7%a4%d7%94
2f4e2674cfa275a2	200	https://roofschamp.co.il/%d7%90%d7%99%d7%98%d7%95%d7%9d-%d7%92%d7%92%d7%95%d7%aa-%d7%91%d7%97%d7%a8%d7%99%d7%a9/	%d7%90%d7%99%d7%98%d7%95%d7%9d-%d7%92%d7%92%d7%95%d7%aa-%d7%91%d7%97%d7%a8%d7%99%d7%a9
505e4c0a1594a738	200	https://roofschamp.co.il/%d7%90%d7%99%d7%98%d7%95%d7%9d-%d7%92%d7%92%d7%95%d7%aa-%d7%91%d7%98%d7%91%d7%a8%d7%99%d7%94/	%d7%90%d7%99%d7%98%d7%95%d7%9d-%d7%92%d7%92%d7%95%d7%aa-%d7%91%d7%98%d7%91%d7%a8%d7%99%d7%94
a7cf9503854518d8	200	https://roofschamp.co.il/%d7%90%d7%99%d7%98%d7%95%d7%9d-%d7%92%d7%92%d7%95%d7%aa-%d7%91%d7%98%d7%99%d7%a8%d7%aa-%d7%94%d7%9b%d7%a8%d7%9e%d7%9c/	%d7%90%d7%99%d7%98%d7%95%d7%9d-%d7%92%d7%92%d7%95%d7%aa-%d7%91%d7%98%d7%99%d7%a8%d7%aa-%d7%94%d7%9b%d7%a8%d7%9e%d7%9c
2a8b4bf66bfb3d65	200	https://roofschamp.co.il/%d7%90%d7%99%d7%98%d7%95%d7%9d-%d7%92%d7%92%d7%95%d7%aa-%d7%91%d7%99%d7%a7%d7%a0%d7%a2%d7%9d/	%d7%90%d7%99%d7%98%d7%95%d7%9d-%d7%92%d7%92%d7%95%d7%aa-%d7%91%d7%99%d7%a7%d7%a0%d7%a2%d7%9d
697e00b1e5085e73	200	https://roofschamp.co.il/%d7%90%d7%99%d7%98%d7%95%d7%9d-%d7%92%d7%92%d7%95%d7%aa-%d7%91%d7%99%d7%94%d7%95%d7%93/	%d7%90%d7%99%d7%98%d7%95%d7%9d-%d7%92%d7%92%d7%95%d7%aa-%d7%91%d7%99%d7%94%d7%95%d7%93
591c5a4e45cc9acc	200	https://roofschamp.co.il/%d7%90%d7%99%d7%98%d7%95%d7%9d-%d7%92%d7%92%d7%95%d7%aa-%d7%91%d7%99%d7%91%d7%a0%d7%94/	%d7%90%d7%99%d7%98%d7%95%d7%9d-%d7%92%d7%92%d7%95%d7%aa-%d7%91%d7%99%d7%91%d7%a0%d7%94
cd8a8ea3b40c1063	200	https://roofschamp.co.il/%d7%90%d7%99%d7%98%d7%95%d7%9d-%d7%92%d7%92%d7%95%d7%aa-%d7%91%d7%99%d7%a8%d7%95%d7%a9%d7%9c%d7%99%d7%9d/	%d7%90%d7%99%d7%98%d7%95%d7%9d-%d7%92%d7%92%d7%95%d7%aa-%d7%91%d7%99%d7%a8%d7%95%d7%a9%d7%9c%d7%99%d7%9d
112d8a4e22399e02	200	https://roofschamp.co.il/%d7%90%d7%99%d7%98%d7%95%d7%9d-%d7%92%d7%92%d7%95%d7%aa-%d7%91%d7%9b%d7%a4%d7%a8-%d7%a1%d7%91%d7%90/	%d7%90%d7%99%d7%98%d7%95%d7%9d-%d7%92%d7%92%d7%95%d7%aa-%d7%91%d7%9b%d7%a4%d7%a8-%d7%a1%d7%91%d7%90
78eab8609f2d365e	200	https://roofschamp.co.il/%d7%90%d7%99%d7%98%d7%95%d7%9d-%d7%92%d7%92%d7%95%d7%aa-%d7%91%d7%9b%d7%a4%d7%a8-%d7%99%d7%95%d7%a0%d7%94/	%d7%90%d7%99%d7%98%d7%95%d7%9d-%d7%92%d7%92%d7%95%d7%aa-%d7%91%d7%9b%d7%a4%d7%a8-%d7%99%d7%95%d7%a0%d7%94
6dc713ee89a0c566	200	https://roofschamp.co.il/%d7%90%d7%99%d7%98%d7%95%d7%9d-%d7%92%d7%92%d7%95%d7%aa-%d7%91%d7%9c%d7%95%d7%93/	%d7%90%d7%99%d7%98%d7%95%d7%9d-%d7%92%d7%92%d7%95%d7%aa-%d7%91%d7%9c%d7%95%d7%93
be83d1cc9a3ef631	200	https://roofschamp.co.il/%d7%90%d7%99%d7%98%d7%95%d7%9d-%d7%92%d7%92%d7%95%d7%aa-%d7%91%d7%9e%d7%95%d7%93%d7%99%d7%a2%d7%99%d7%9f/	%d7%90%d7%99%d7%98%d7%95%d7%9d-%d7%92%d7%92%d7%95%d7%aa-%d7%91%d7%9e%d7%95%d7%93%d7%99%d7%a2%d7%99%d7%9f
6441e0ff391d3ec7	200	https://roofschamp.co.il/%d7%90%d7%99%d7%98%d7%95%d7%9d-%d7%92%d7%92%d7%95%d7%aa-%d7%91%d7%9b%d7%a8%d7%9e%d7%99%d7%90%d7%9c/	%d7%90%d7%99%d7%98%d7%95%d7%9d-%d7%92%d7%92%d7%95%d7%aa-%d7%91%d7%9b%d7%a8%d7%9e%d7%99%d7%90%d7%9c
4498e430e01fbad7	200	https://roofschamp.co.il/%d7%90%d7%99%d7%98%d7%95%d7%9d-%d7%92%d7%92%d7%95%d7%aa-%d7%91%d7%9e%d7%96%d7%9b%d7%a8%d7%aa-%d7%91%d7%aa%d7%99%d7%94/	%d7%90%d7%99%d7%98%d7%95%d7%9d-%d7%92%d7%92%d7%95%d7%aa-%d7%91%d7%9e%d7%96%d7%9b%d7%a8%d7%aa-%d7%91%d7%aa%d7%99%d7%94
b946d74e7bbeebf9	200	https://roofschamp.co.il/%d7%90%d7%99%d7%98%d7%95%d7%9d-%d7%92%d7%92%d7%95%d7%aa-%d7%91%d7%9e%d7%a8%d7%9b%d7%96/	%d7%90%d7%99%d7%98%d7%95%d7%9d-%d7%92%d7%92%d7%95%d7%aa-%d7%91%d7%9e%d7%a8%d7%9b%d7%96
cd52ce949a168033	200	https://roofschamp.co.il/%d7%90%d7%99%d7%98%d7%95%d7%9d-%d7%92%d7%92%d7%95%d7%aa-%d7%91%d7%9e%d7%a8%d7%99%d7%97%d7%94/	%d7%90%d7%99%d7%98%d7%95%d7%9d-%d7%92%d7%92%d7%95%d7%aa-%d7%91%d7%9e%d7%a8%d7%99%d7%97%d7%94
065442c76c8648dc	200	https://roofschamp.co.il/%d7%90%d7%99%d7%98%d7%95%d7%9d-%d7%92%d7%92%d7%95%d7%aa-%d7%91%d7%a0%d7%94%d7%a8%d7%99%d7%94/	%d7%90%d7%99%d7%98%d7%95%d7%9d-%d7%92%d7%92%d7%95%d7%aa-%d7%91%d7%a0%d7%94%d7%a8%d7%99%d7%94
63381e7f397b36c9	200	https://roofschamp.co.il/%d7%90%d7%99%d7%98%d7%95%d7%9d-%d7%92%d7%92%d7%95%d7%aa-%d7%91%d7%a0%d7%95%d7%a3-%d7%94%d7%92%d7%9c%d7%99%d7%9c/	%d7%90%d7%99%d7%98%d7%95%d7%9d-%d7%92%d7%92%d7%95%d7%aa-%d7%91%d7%a0%d7%95%d7%a3-%d7%94%d7%92%d7%9c%d7%99%d7%9c
698267243d1d45fe	200	https://roofschamp.co.il/%d7%90%d7%99%d7%98%d7%95%d7%9d-%d7%92%d7%92%d7%95%d7%aa-%d7%91%d7%a0%d7%a1-%d7%a6%d7%99%d7%95%d7%a0%d7%94/	%d7%90%d7%99%d7%98%d7%95%d7%9d-%d7%92%d7%92%d7%95%d7%aa-%d7%91%d7%a0%d7%a1-%d7%a6%d7%99%d7%95%d7%a0%d7%94
308e3ebb9f1308b6	200	https://roofschamp.co.il/%d7%90%d7%99%d7%98%d7%95%d7%9d-%d7%92%d7%92%d7%95%d7%aa-%d7%91%d7%a0%d7%aa%d7%a0%d7%99%d7%94/	%d7%90%d7%99%d7%98%d7%95%d7%9d-%d7%92%d7%92%d7%95%d7%aa-%d7%91%d7%a0%d7%aa%d7%a0%d7%99%d7%94
800583cf2628946f	200	https://roofschamp.co.il/%d7%90%d7%99%d7%98%d7%95%d7%9d-%d7%92%d7%92%d7%95%d7%aa-%d7%91%d7%a1%d7%91%d7%99%d7%95%d7%9f/	%d7%90%d7%99%d7%98%d7%95%d7%9d-%d7%92%d7%92%d7%95%d7%aa-%d7%91%d7%a1%d7%91%d7%99%d7%95%d7%9f
c4d24eca7cf15e2e	200	https://roofschamp.co.il/%d7%90%d7%99%d7%98%d7%95%d7%9d-%d7%92%d7%92%d7%95%d7%aa-%d7%91%d7%a0%d7%aa%d7%99%d7%91%d7%95%d7%aa/	%d7%90%d7%99%d7%98%d7%95%d7%9d-%d7%92%d7%92%d7%95%d7%aa-%d7%91%d7%a0%d7%aa%d7%99%d7%91%d7%95%d7%aa
e3c478f7a5956bf9	200	https://roofschamp.co.il/%d7%90%d7%99%d7%98%d7%95%d7%9d-%d7%92%d7%92%d7%95%d7%aa-%d7%91%d7%a0%d7%a9%d7%a8/	%d7%90%d7%99%d7%98%d7%95%d7%9d-%d7%92%d7%92%d7%95%d7%aa-%d7%91%d7%a0%d7%a9%d7%a8
806e67219c32100a	200	https://roofschamp.co.il/%d7%90%d7%99%d7%98%d7%95%d7%9d-%d7%92%d7%92%d7%95%d7%aa-%d7%91%d7%a2%d7%95%d7%9e%d7%a8/	%d7%90%d7%99%d7%98%d7%95%d7%9d-%d7%92%d7%92%d7%95%d7%aa-%d7%91%d7%a2%d7%95%d7%9e%d7%a8
0f512390d68d54f1	200	https://roofschamp.co.il/%d7%90%d7%99%d7%98%d7%95%d7%9d-%d7%92%d7%92%d7%95%d7%aa-%d7%91%d7%a2%d7%99%d7%9f-%d7%95%d7%a8%d7%93/	%d7%90%d7%99%d7%98%d7%95%d7%9d-%d7%92%d7%92%d7%95%d7%aa-%d7%91%d7%a2%d7%99%d7%9f-%d7%95%d7%a8%d7%93
09ee3b6bec05ba24	200	https://roofschamp.co.il/%d7%90%d7%99%d7%98%d7%95%d7%9d-%d7%92%d7%92%d7%95%d7%aa-%d7%91%d7%a2%d7%9b%d7%95/	%d7%90%d7%99%d7%98%d7%95%d7%9d-%d7%92%d7%92%d7%95%d7%aa-%d7%91%d7%a2%d7%9b%d7%95
1db053156043bdec	200	https://roofschamp.co.il/%d7%90%d7%99%d7%98%d7%95%d7%9d-%d7%92%d7%92%d7%95%d7%aa-%d7%91%d7%a2%d7%aa%d7%9c%d7%99%d7%aa/	%d7%90%d7%99%d7%98%d7%95%d7%9d-%d7%92%d7%92%d7%95%d7%aa-%d7%91%d7%a2%d7%aa%d7%9c%d7%99%d7%aa
f5b88263dd96a195	200	https://roofschamp.co.il/%d7%90%d7%99%d7%98%d7%95%d7%9d-%d7%92%d7%92%d7%95%d7%aa-%d7%91%d7%a2%d7%a4%d7%95%d7%9c%d7%94/	%d7%90%d7%99%d7%98%d7%95%d7%9d-%d7%92%d7%92%d7%95%d7%aa-%d7%91%d7%a2%d7%a4%d7%95%d7%9c%d7%94
7065431fb71254b7	200	https://roofschamp.co.il/%d7%90%d7%99%d7%98%d7%95%d7%9d-%d7%92%d7%92%d7%95%d7%aa-%d7%91%d7%a4%d7%a8%d7%93%d7%a1%d7%99%d7%94/	%d7%90%d7%99%d7%98%d7%95%d7%9d-%d7%92%d7%92%d7%95%d7%aa-%d7%91%d7%a4%d7%a8%d7%93%d7%a1%d7%99%d7%94
8a270eae7fd41c52	200	https://roofschamp.co.il/%d7%90%d7%99%d7%98%d7%95%d7%9d-%d7%92%d7%92%d7%95%d7%aa-%d7%91%d7%a4%d7%a8%d7%93%d7%a1-%d7%97%d7%a0%d7%94/	%d7%90%d7%99%d7%98%d7%95%d7%9d-%d7%92%d7%92%d7%95%d7%aa-%d7%91%d7%a4%d7%a8%d7%93%d7%a1-%d7%97%d7%a0%d7%94
920dee91e5557505	200	https://roofschamp.co.il/%d7%90%d7%99%d7%98%d7%95%d7%9d-%d7%92%d7%92%d7%95%d7%aa-%d7%91%d7%a4%d7%aa%d7%97-%d7%aa%d7%a7%d7%95%d7%95%d7%94/	%d7%90%d7%99%d7%98%d7%95%d7%9d-%d7%92%d7%92%d7%95%d7%aa-%d7%91%d7%a4%d7%aa%d7%97-%d7%aa%d7%a7%d7%95%d7%95%d7%94
fae0599e3837db08	200	https://roofschamp.co.il/%d7%90%d7%99%d7%98%d7%95%d7%9d-%d7%92%d7%92%d7%95%d7%aa-%d7%91%d7%a6%d7%a4%d7%95%d7%9f/	%d7%90%d7%99%d7%98%d7%95%d7%9d-%d7%92%d7%92%d7%95%d7%aa-%d7%91%d7%a6%d7%a4%d7%95%d7%9f
d9faf94271384fda	200	https://roofschamp.co.il/%d7%90%d7%99%d7%98%d7%95%d7%9d-%d7%92%d7%92%d7%95%d7%aa-%d7%91%d7%a7%d7%99%d7%a1%d7%a8%d7%99%d7%94/	%d7%90%d7%99%d7%98%d7%95%d7%9d-%d7%92%d7%92%d7%95%d7%aa-%d7%91%d7%a7%d7%99%d7%a1%d7%a8%d7%99%d7%94
2b608325b749fe5c	200	https://roofschamp.co.il/%d7%90%d7%99%d7%98%d7%95%d7%9d-%d7%92%d7%92%d7%95%d7%aa-%d7%91%d7%a7%d7%93%d7%99%d7%9e%d7%94-%d7%a6%d7%95%d7%a8%d7%9f/	%d7%90%d7%99%d7%98%d7%95%d7%9d-%d7%92%d7%92%d7%95%d7%aa-%d7%91%d7%a7%d7%93%d7%99%d7%9e%d7%94-%d7%a6%d7%95%d7%a8%d7%9f
6096ca3d2231ee21	200	https://roofschamp.co.il/%d7%90%d7%99%d7%98%d7%95%d7%9d-%d7%92%d7%92%d7%95%d7%aa-%d7%91%d7%a7%d7%a8%d7%99%d7%95%d7%aa/	%d7%90%d7%99%d7%98%d7%95%d7%9d-%d7%92%d7%92%d7%95%d7%aa-%d7%91%d7%a7%d7%a8%d7%99%d7%95%d7%aa
d77f934d7635beb3	200	https://roofschamp.co.il/%d7%90%d7%99%d7%98%d7%95%d7%9d-%d7%92%d7%92%d7%95%d7%aa-%d7%91%d7%a7%d7%a8%d7%99%d7%aa-%d7%90%d7%95%d7%a0%d7%95/	%d7%90%d7%99%d7%98%d7%95%d7%9d-%d7%92%d7%92%d7%95%d7%aa-%d7%91%d7%a7%d7%a8%d7%99%d7%aa-%d7%90%d7%95%d7%a0%d7%95
7218977887d4e306	200	https://roofschamp.co.il/%d7%90%d7%99%d7%98%d7%95%d7%9d-%d7%92%d7%92%d7%95%d7%aa-%d7%91%d7%a7%d7%a8%d7%99%d7%aa-%d7%90%d7%aa%d7%90/	%d7%90%d7%99%d7%98%d7%95%d7%9d-%d7%92%d7%92%d7%95%d7%aa-%d7%91%d7%a7%d7%a8%d7%99%d7%aa-%d7%90%d7%aa%d7%90
9f30b5d25652ab1f	200	https://roofschamp.co.il/%d7%90%d7%99%d7%98%d7%95%d7%9d-%d7%92%d7%92%d7%95%d7%aa-%d7%91%d7%a7%d7%a8%d7%99%d7%aa-%d7%91%d7%99%d7%90%d7%9c%d7%99%d7%a7/	%d7%90%d7%99%d7%98%d7%95%d7%9d-%d7%92%d7%92%d7%95%d7%aa-%d7%91%d7%a7%d7%a8%d7%99%d7%aa-%d7%91%d7%99%d7%90%d7%9c%d7%99%d7%a7
2bb56b975f508244	200	https://roofschamp.co.il/%d7%90%d7%99%d7%98%d7%95%d7%9d-%d7%92%d7%92%d7%95%d7%aa-%d7%91%d7%a7%d7%a8%d7%99%d7%99%d7%aa-%d7%a2%d7%a7%d7%a8%d7%95%d7%9f/	%d7%90%d7%99%d7%98%d7%95%d7%9d-%d7%92%d7%92%d7%95%d7%aa-%d7%91%d7%a7%d7%a8%d7%99%d7%99%d7%aa-%d7%a2%d7%a7%d7%a8%d7%95%d7%9f
b93ade13694365d0	200	https://roofschamp.co.il/%d7%90%d7%99%d7%98%d7%95%d7%9d-%d7%92%d7%92%d7%95%d7%aa-%d7%91%d7%a7%d7%a8%d7%99%d7%aa-%d7%92%d7%aa/	%d7%90%d7%99%d7%98%d7%95%d7%9d-%d7%92%d7%92%d7%95%d7%aa-%d7%91%d7%a7%d7%a8%d7%99%d7%aa-%d7%92%d7%aa
d964b49d59e2136e	200	https://roofschamp.co.il/%d7%90%d7%99%d7%98%d7%95%d7%9d-%d7%92%d7%92%d7%95%d7%aa-%d7%91%d7%a7%d7%a8%d7%99%d7%aa-%d7%98%d7%91%d7%a2%d7%95%d7%9f/	%d7%90%d7%99%d7%98%d7%95%d7%9d-%d7%92%d7%92%d7%95%d7%aa-%d7%91%d7%a7%d7%a8%d7%99%d7%aa-%d7%98%d7%91%d7%a2%d7%95%d7%9f
98772143d6a82a34	200	https://roofschamp.co.il/%d7%90%d7%99%d7%98%d7%95%d7%9d-%d7%92%d7%92%d7%95%d7%aa-%d7%91%d7%a7%d7%a8%d7%99%d7%aa-%d7%97%d7%99%d7%99%d7%9d/	%d7%90%d7%99%d7%98%d7%95%d7%9d-%d7%92%d7%92%d7%95%d7%aa-%d7%91%d7%a7%d7%a8%d7%99%d7%aa-%d7%97%d7%99%d7%99%d7%9d
2b63c91ba247cb4d	200	https://roofschamp.co.il/%d7%90%d7%99%d7%98%d7%95%d7%9d-%d7%92%d7%92%d7%95%d7%aa-%d7%91%d7%a7%d7%a8%d7%99%d7%aa-%d7%99%d7%9d/	%d7%90%d7%99%d7%98%d7%95%d7%9d-%d7%92%d7%92%d7%95%d7%aa-%d7%91%d7%a7%d7%a8%d7%99%d7%aa-%d7%99%d7%9d
03654840dd3d6908	200	https://roofschamp.co.il/%d7%90%d7%99%d7%98%d7%95%d7%9d-%d7%92%d7%92%d7%95%d7%aa-%d7%91%d7%a7%d7%a8%d7%99%d7%aa-%d7%9e%d7%95%d7%a6%d7%a7%d7%99%d7%9f/	%d7%90%d7%99%d7%98%d7%95%d7%9d-%d7%92%d7%92%d7%95%d7%aa-%d7%91%d7%a7%d7%a8%d7%99%d7%aa-%d7%9e%d7%95%d7%a6%d7%a7%d7%99%d7%9f
35ad16603dd41c83	200	https://roofschamp.co.il/%d7%90%d7%99%d7%98%d7%95%d7%9d-%d7%92%d7%92%d7%95%d7%aa-%d7%91%d7%a7%d7%a8%d7%99%d7%aa-%d7%9e%d7%9c%d7%90%d7%9b%d7%99/	%d7%90%d7%99%d7%98%d7%95%d7%9d-%d7%92%d7%92%d7%95%d7%aa-%d7%91%d7%a7%d7%a8%d7%99%d7%aa-%d7%9e%d7%9c%d7%90%d7%9b%d7%99
daa6846ff59716f6	200	https://roofschamp.co.il/%d7%90%d7%99%d7%98%d7%95%d7%9d-%d7%92%d7%92%d7%95%d7%aa-%d7%91%d7%a7%d7%a8%d7%99%d7%aa-%d7%a2%d7%a7%d7%a8%d7%95%d7%9f/	%d7%90%d7%99%d7%98%d7%95%d7%9d-%d7%92%d7%92%d7%95%d7%aa-%d7%91%d7%a7%d7%a8%d7%99%d7%aa-%d7%a2%d7%a7%d7%a8%d7%95%d7%9f
60bdc3d3590217df	200	https://roofschamp.co.il/%d7%90%d7%99%d7%98%d7%95%d7%9d-%d7%92%d7%92%d7%95%d7%aa-%d7%91%d7%a8%d7%90%d7%a9%d7%95%d7%9f-%d7%9c%d7%a6%d7%99%d7%95%d7%9f/	%d7%90%d7%99%d7%98%d7%95%d7%9d-%d7%92%d7%92%d7%95%d7%aa-%d7%91%d7%a8%d7%90%d7%a9%d7%95%d7%9f-%d7%9c%d7%a6%d7%99%d7%95%d7%9f
5f72548b8bfb3741	200	https://roofschamp.co.il/%d7%90%d7%99%d7%98%d7%95%d7%9d-%d7%92%d7%92%d7%95%d7%aa-%d7%91%d7%a7%d7%a8%d7%99%d7%aa-%d7%a9%d7%9e%d7%95%d7%a0%d7%94/	%d7%90%d7%99%d7%98%d7%95%d7%9d-%d7%92%d7%92%d7%95%d7%aa-%d7%91%d7%a7%d7%a8%d7%99%d7%aa-%d7%a9%d7%9e%d7%95%d7%a0%d7%94
064d5d835501470e	200	https://roofschamp.co.il/%d7%90%d7%99%d7%98%d7%95%d7%9d-%d7%92%d7%92%d7%95%d7%aa-%d7%91%d7%a8%d7%90%d7%a9-%d7%94%d7%a2%d7%99%d7%9f/	%d7%90%d7%99%d7%98%d7%95%d7%9d-%d7%92%d7%92%d7%95%d7%aa-%d7%91%d7%a8%d7%90%d7%a9-%d7%94%d7%a2%d7%99%d7%9f
215440ae8aad5a4d	200	https://roofschamp.co.il/%d7%90%d7%99%d7%98%d7%95%d7%9d-%d7%92%d7%92%d7%95%d7%aa-%d7%91%d7%a8%d7%9e%d7%aa-%d7%92%d7%9f/	%d7%90%d7%99%d7%98%d7%95%d7%9d-%d7%92%d7%92%d7%95%d7%aa-%d7%91%d7%a8%d7%9e%d7%aa-%d7%92%d7%9f
65f58243b507890b	200	https://roofschamp.co.il/%d7%90%d7%99%d7%98%d7%95%d7%9d-%d7%92%d7%92%d7%95%d7%aa-%d7%91%d7%a8%d7%97%d7%95%d7%91%d7%95%d7%aa/	%d7%90%d7%99%d7%98%d7%95%d7%9d-%d7%92%d7%92%d7%95%d7%aa-%d7%91%d7%a8%d7%97%d7%95%d7%91%d7%95%d7%aa
f71d3568c9e9f58e	200	https://roofschamp.co.il/%d7%90%d7%99%d7%98%d7%95%d7%9d-%d7%92%d7%92%d7%95%d7%aa-%d7%91%d7%a8%d7%9e%d7%aa-%d7%94%d7%a9%d7%a8%d7%95%d7%9f/	%d7%90%d7%99%d7%98%d7%95%d7%9d-%d7%92%d7%92%d7%95%d7%aa-%d7%91%d7%a8%d7%9e%d7%aa-%d7%94%d7%a9%d7%a8%d7%95%d7%9f
4b7bf5ab20477b5b	200	https://roofschamp.co.il/%d7%90%d7%99%d7%98%d7%95%d7%9d-%d7%92%d7%92%d7%95%d7%aa-%d7%91%d7%a8%d7%9e%d7%9c%d7%94/	%d7%90%d7%99%d7%98%d7%95%d7%9d-%d7%92%d7%92%d7%95%d7%aa-%d7%91%d7%a8%d7%9e%d7%9c%d7%94
39e26e9b1e38b240	200	https://roofschamp.co.il/%d7%90%d7%99%d7%98%d7%95%d7%9d-%d7%92%d7%92%d7%95%d7%aa-%d7%91%d7%a8%d7%9e%d7%aa-%d7%99%d7%a9%d7%99/	%d7%90%d7%99%d7%98%d7%95%d7%9d-%d7%92%d7%92%d7%95%d7%aa-%d7%91%d7%a8%d7%9e%d7%aa-%d7%99%d7%a9%d7%99
fa942df3167a2c17	200	https://roofschamp.co.il/%d7%90%d7%99%d7%98%d7%95%d7%9d-%d7%92%d7%92%d7%95%d7%aa-%d7%91%d7%a8%d7%a2%d7%a0%d7%a0%d7%94/	%d7%90%d7%99%d7%98%d7%95%d7%9d-%d7%92%d7%92%d7%95%d7%aa-%d7%91%d7%a8%d7%a2%d7%a0%d7%a0%d7%94
a7de337bea47a1c0	200	https://roofschamp.co.il/%d7%90%d7%99%d7%98%d7%95%d7%9d-%d7%92%d7%92%d7%95%d7%aa-%d7%91%d7%a8%d7%a9%d7%a4%d7%95%d7%9f/	%d7%90%d7%99%d7%98%d7%95%d7%9d-%d7%92%d7%92%d7%95%d7%aa-%d7%91%d7%a8%d7%a9%d7%a4%d7%95%d7%9f
679f25f8963ece0c	200	https://roofschamp.co.il/%d7%90%d7%99%d7%98%d7%95%d7%9d-%d7%92%d7%92%d7%95%d7%aa-%d7%91%d7%a9%d7%93%d7%95%d7%aa-%d7%99%d7%9d/	%d7%90%d7%99%d7%98%d7%95%d7%9d-%d7%92%d7%92%d7%95%d7%aa-%d7%91%d7%a9%d7%93%d7%95%d7%aa-%d7%99%d7%9d
b014675ece51260b	200	https://roofschamp.co.il/%d7%90%d7%99%d7%98%d7%95%d7%9d-%d7%92%d7%92%d7%95%d7%aa-%d7%91%d7%aa%d7%9c-%d7%90%d7%91%d7%99%d7%91/	%d7%90%d7%99%d7%98%d7%95%d7%9d-%d7%92%d7%92%d7%95%d7%aa-%d7%91%d7%aa%d7%9c-%d7%90%d7%91%d7%99%d7%91
81edba59ae47bbbe	200	https://roofschamp.co.il/%d7%90%d7%99%d7%98%d7%95%d7%9d-%d7%92%d7%92%d7%95%d7%aa-%d7%91%d7%a9%d7%95%d7%94%d7%9d/	%d7%90%d7%99%d7%98%d7%95%d7%9d-%d7%92%d7%92%d7%95%d7%aa-%d7%91%d7%a9%d7%95%d7%94%d7%9d
999296d507e77d77	200	https://roofschamp.co.il/%d7%90%d7%99%d7%98%d7%95%d7%9d-%d7%92%d7%92%d7%95%d7%aa-%d7%91%d7%aa%d7%9c-%d7%9e%d7%95%d7%a0%d7%93/	%d7%90%d7%99%d7%98%d7%95%d7%9d-%d7%92%d7%92%d7%95%d7%aa-%d7%91%d7%aa%d7%9c-%d7%9e%d7%95%d7%a0%d7%93
2897a959a7bbefed	200	https://roofschamp.co.il/%d7%90%d7%99%d7%98%d7%95%d7%9d-%d7%92%d7%92%d7%95%d7%aa-%d7%9e%d7%91%d7%98%d7%95%d7%9f/	%d7%90%d7%99%d7%98%d7%95%d7%9d-%d7%92%d7%92%d7%95%d7%aa-%d7%9e%d7%91%d7%98%d7%95%d7%9f
0aa1dba3f3af2bf3	200	https://roofschamp.co.il/%d7%90%d7%99%d7%98%d7%95%d7%9d-%d7%92%d7%92%d7%95%d7%aa-%d7%97%d7%95%d7%a3-%d7%94%d7%9b%d7%a8%d7%9e%d7%9c/	%d7%90%d7%99%d7%98%d7%95%d7%9d-%d7%92%d7%92%d7%95%d7%aa-%d7%97%d7%95%d7%a3-%d7%94%d7%9b%d7%a8%d7%9e%d7%9c
773ab59eb51d36f8	200	https://roofschamp.co.il/%d7%90%d7%99%d7%98%d7%95%d7%9d-%d7%92%d7%92%d7%95%d7%aa-%d7%9e%d7%a8%d7%95%d7%a6%d7%a4%d7%99%d7%9d/	%d7%90%d7%99%d7%98%d7%95%d7%9d-%d7%92%d7%92%d7%95%d7%aa-%d7%9e%d7%a8%d7%95%d7%a6%d7%a4%d7%99%d7%9d
2733ab73b0337344	200	https://roofschamp.co.il/%d7%90%d7%99%d7%98%d7%95%d7%9d-%d7%92%d7%92%d7%95%d7%aa-%d7%a2%d7%a5/	%d7%90%d7%99%d7%98%d7%95%d7%9d-%d7%92%d7%92%d7%95%d7%aa-%d7%a2%d7%a5
e0c7744502154411	200	https://roofschamp.co.il/%d7%90%d7%99%d7%98%d7%95%d7%9d-%d7%92%d7%92%d7%95%d7%aa-%d7%a9%d7%93%d7%a8%d7%95%d7%aa/	%d7%90%d7%99%d7%98%d7%95%d7%9d-%d7%92%d7%92%d7%95%d7%aa-%d7%a9%d7%93%d7%a8%d7%95%d7%aa
e2a76e95fbfb5e6b	200	https://roofschamp.co.il/%d7%90%d7%99%d7%98%d7%95%d7%9d-%d7%92%d7%92-%d7%90%d7%99%d7%a1%d7%9b%d7%95%d7%a8%d7%99%d7%aa/	%d7%90%d7%99%d7%98%d7%95%d7%9d-%d7%92%d7%92-%d7%90%d7%99%d7%a1%d7%9b%d7%95%d7%a8%d7%99%d7%aa
bafdc4a2a1900e28	200	https://roofschamp.co.il/%d7%90%d7%99%d7%98%d7%95%d7%9d-%d7%92%d7%92%d7%95%d7%aa/	%d7%90%d7%99%d7%98%d7%95%d7%9d-%d7%92%d7%92%d7%95%d7%aa
765af60042d4d222	200	https://roofschamp.co.il/%d7%90%d7%99%d7%98%d7%95%d7%9d-%d7%97%d7%9c%d7%95%d7%a0%d7%95%d7%aa/	%d7%90%d7%99%d7%98%d7%95%d7%9d-%d7%97%d7%9c%d7%95%d7%a0%d7%95%d7%aa
08e56dad9e5c60ff	200	https://roofschamp.co.il/%d7%90%d7%99%d7%98%d7%95%d7%9d-%d7%92%d7%92%d7%95%d7%aa-%d7%a9%d7%99%d7%a0%d7%92%d7%9c%d7%a1-%d7%9e%d7%99%d7%93%d7%a2-%d7%95%d7%9e%d7%97%d7%99%d7%a8%d7%99%d7%9d/	%d7%90%d7%99%d7%98%d7%95%d7%9d-%d7%92%d7%92%d7%95%d7%aa-%d7%a9%d7%99%d7%a0%d7%92%d7%9c%d7%a1-%d7%9e%d7%99%d7%93%d7%a2-%d7%95%d7%9e%d7%97%d7%99%d7%a8%d7%99%d7%9d
2d5b9b3988c95904	200	https://roofschamp.co.il/%d7%90%d7%99%d7%98%d7%95%d7%9d-%d7%9e%d7%91%d7%a0%d7%99%d7%9d/	%d7%90%d7%99%d7%98%d7%95%d7%9d-%d7%9e%d7%91%d7%a0%d7%99%d7%9d
a7ed27838888ffe3	200	https://roofschamp.co.il/%d7%90%d7%99%d7%98%d7%95%d7%9d-%d7%9e%d7%a7%d7%9c%d7%97%d7%aa/	%d7%90%d7%99%d7%98%d7%95%d7%9d-%d7%9e%d7%a7%d7%9c%d7%97%d7%aa
dca46928ed83e98f	200	https://roofschamp.co.il/%d7%90%d7%99%d7%98%d7%95%d7%9d-%d7%a7%d7%99%d7%a8%d7%95%d7%aa-%d7%97%d7%99%d7%a6%d7%95%d7%a0%d7%99%d7%99%d7%9d/	%d7%90%d7%99%d7%98%d7%95%d7%9d-%d7%a7%d7%99%d7%a8%d7%95%d7%aa-%d7%97%d7%99%d7%a6%d7%95%d7%a0%d7%99%d7%99%d7%9d
963abf832f64e534	200	https://roofschamp.co.il/%d7%90%d7%99%d7%98%d7%95%d7%9d-%d7%a7%d7%99%d7%a8%d7%95%d7%aa-%d7%a4%d7%a0%d7%99%d7%9e%d7%99%d7%99%d7%9d/	%d7%90%d7%99%d7%98%d7%95%d7%9d-%d7%a7%d7%99%d7%a8%d7%95%d7%aa-%d7%a4%d7%a0%d7%99%d7%9e%d7%99%d7%99%d7%9d
c33f7f9d5d133123	200	https://roofschamp.co.il/%d7%90%d7%99%d7%98%d7%95%d7%9d-%d7%9e%d7%a8%d7%a4%d7%a1%d7%aa-%d7%9e%d7%a8%d7%95%d7%a6%d7%a4%d7%aa/	%d7%90%d7%99%d7%98%d7%95%d7%9d-%d7%9e%d7%a8%d7%a4%d7%a1%d7%aa-%d7%9e%d7%a8%d7%95%d7%a6%d7%a4%d7%aa
1126f2cde77b229d	200	https://roofschamp.co.il/%d7%90%d7%99%d7%98%d7%95%d7%9d-%d7%a7%d7%99%d7%a8%d7%95%d7%aa/	%d7%90%d7%99%d7%98%d7%95%d7%9d-%d7%a7%d7%99%d7%a8%d7%95%d7%aa
b0535cc0cb7b0989	200	https://roofschamp.co.il/%d7%90%d7%99%d7%98%d7%95%d7%9d-%d7%a7%d7%a8%d7%99%d7%a1%d7%98%d7%9c%d7%99/	%d7%90%d7%99%d7%98%d7%95%d7%9d-%d7%a7%d7%a8%d7%99%d7%a1%d7%98%d7%9c%d7%99
7f7bede09e0ae92c	200	https://roofschamp.co.il/%d7%90%d7%99%d7%9a-%d7%91%d7%95%d7%93%d7%a7%d7%99%d7%9d-%d7%9b%d7%9e%d7%94-%d7%a2%d7%95%d7%9c%d7%94-%d7%92%d7%92/	%d7%90%d7%99%d7%9a-%d7%91%d7%95%d7%93%d7%a7%d7%99%d7%9d-%d7%9b%d7%9e%d7%94-%d7%a2%d7%95%d7%9c%d7%94-%d7%92%d7%92
583964adb6f86e53	200	https://roofschamp.co.il/%d7%91%d7%98%d7%a7%d7%9c-%d7%9c%d7%90%d7%99%d7%98%d7%95%d7%9d/	%d7%91%d7%98%d7%a7%d7%9c-%d7%9c%d7%90%d7%99%d7%98%d7%95%d7%9d
91c43c73ab7f6924	200	https://roofschamp.co.il/%d7%90%d7%99%d7%aa%d7%95%d7%a8-%d7%a0%d7%96%d7%99%d7%9c%d7%95%d7%aa/	%d7%90%d7%99%d7%aa%d7%95%d7%a8-%d7%a0%d7%96%d7%99%d7%9c%d7%95%d7%aa
78adafbd785afb4e	200	https://roofschamp.co.il/%d7%90%d7%99%d7%98%d7%95%d7%9d-%d7%a8%d7%a6%d7%a4%d7%94/	%d7%90%d7%99%d7%98%d7%95%d7%9d-%d7%a8%d7%a6%d7%a4%d7%94
b0c45f43c06ddcfe	200	https://roofschamp.co.il/%d7%91%d7%9c%d7%95%d7%92/	%d7%91%d7%9c%d7%95%d7%92
714eae2379458beb	200	https://roofschamp.co.il/%d7%91%d7%a0%d7%99%d7%99%d7%aa-%d7%92%d7%92-%d7%a8%d7%a2%d7%a4%d7%99%d7%9d/	%d7%91%d7%a0%d7%99%d7%99%d7%aa-%d7%92%d7%92-%d7%a8%d7%a2%d7%a4%d7%99%d7%9d
c6ab253c4f019524	200	https://roofschamp.co.il/%d7%94%d7%a6%d7%94%d7%a8%d7%aa-%d7%a0%d7%92%d7%99%d7%a9%d7%95%d7%aa/	%d7%94%d7%a6%d7%94%d7%a8%d7%aa-%d7%a0%d7%92%d7%99%d7%a9%d7%95%d7%aa
3f67e8d3924a2140	200	https://roofschamp.co.il/%d7%94%d7%a4%d7%a8%d7%95%d7%99%d7%a7%d7%98%d7%99%d7%9d-%d7%a9%d7%9c-%d7%90%d7%9c%d7%95%d7%a3-%d7%94%d7%92%d7%92%d7%95%d7%aa/	%d7%94%d7%a4%d7%a8%d7%95%d7%99%d7%a7%d7%98%d7%99%d7%9d-%d7%a9%d7%9c-%d7%90%d7%9c%d7%95%d7%a3-%d7%94%d7%92%d7%92%d7%95%d7%aa
eddd3f8552f03c4a	200	https://roofschamp.co.il/%d7%94%d7%aa%d7%a7%d7%a0%d7%aa-%d7%9e%d7%a8%d7%96%d7%91%d7%99%d7%9d/	%d7%94%d7%aa%d7%a7%d7%a0%d7%aa-%d7%9e%d7%a8%d7%96%d7%91%d7%99%d7%9d
22e157bae7c99544	200	https://roofschamp.co.il/%d7%96%d7%99%d7%a4%d7%95%d7%aa-%d7%92%d7%92%d7%95%d7%aa/	%d7%96%d7%99%d7%a4%d7%95%d7%aa-%d7%92%d7%92%d7%95%d7%aa
04f4a5ef22f05016	200	https://roofschamp.co.il/%d7%96%d7%a4%d7%aa-%d7%a7%d7%a8/	%d7%96%d7%a4%d7%aa-%d7%a7%d7%a8
1d7fd39809e5509b	200	https://roofschamp.co.il/%d7%97%d7%95%d7%9e%d7%a8%d7%99-%d7%90%d7%99%d7%98%d7%95%d7%9d-%d7%a9%d7%95%d7%a0%d7%99%d7%9d-%d7%90%d7%96-%d7%90%d7%99%d7%9c%d7%95-%d7%97%d7%95%d7%9e%d7%a8%d7%99%d7%9d-%d7%a7%d7%99%d7%99%d7%9e%d7%99/	%d7%97%d7%95%d7%9e%d7%a8%d7%99-%d7%90%d7%99%d7%98%d7%95%d7%9d-%d7%a9%d7%95%d7%a0%d7%99%d7%9d-%d7%90%d7%96-%d7%90%d7%99%d7%9c%d7%95-%d7%97%d7%95%d7%9e%d7%a8%d7%99%d7%9d-%d7%a7%d7%99%d7%99%d7%9e%d7%99
62fe590f57b5fa32	200	https://roofschamp.co.il/%d7%97%d7%95%d7%9e%d7%a8%d7%99-%d7%90%d7%99%d7%98%d7%95%d7%9d/	%d7%97%d7%95%d7%9e%d7%a8%d7%99-%d7%90%d7%99%d7%98%d7%95%d7%9d
7bbfdc388435596b	200	https://roofschamp.co.il/%d7%97%d7%a9%d7%99%d7%91%d7%95%d7%aa-%d7%91%d7%97%d7%99%d7%a8%d7%aa-%d7%93%d7%95%d7%93-%d7%a9%d7%9e%d7%a9-%d7%aa%d7%a7%d7%99%d7%9f/	%d7%97%d7%a9%d7%99%d7%91%d7%95%d7%aa-%d7%91%d7%97%d7%99%d7%a8%d7%aa-%d7%93%d7%95%d7%93-%d7%a9%d7%9e%d7%a9-%d7%aa%d7%a7%d7%99%d7%9f
966f7fd40610daab	200	https://roofschamp.co.il/%d7%98%d7%99%d7%a4%d7%95%d7%9c-%d7%91%d7%a2%d7%95%d7%91%d7%a9-%d7%91%d7%a7%d7%99%d7%a8/	%d7%98%d7%99%d7%a4%d7%95%d7%9c-%d7%91%d7%a2%d7%95%d7%91%d7%a9-%d7%91%d7%a7%d7%99%d7%a8
0eb9da55f2ff0922	200	https://roofschamp.co.il/%d7%99%d7%95%d7%a2%d7%a5-%d7%90%d7%99%d7%98%d7%95%d7%9d/	%d7%99%d7%95%d7%a2%d7%a5-%d7%90%d7%99%d7%98%d7%95%d7%9d
be2e842ecebadae4	200	https://roofschamp.co.il/%d7%9e%d7%93%d7%99%d7%a0%d7%99%d7%95%d7%aa-%d7%a4%d7%a8%d7%98%d7%99%d7%95%d7%aa/	%d7%9e%d7%93%d7%99%d7%a0%d7%99%d7%95%d7%aa-%d7%a4%d7%a8%d7%98%d7%99%d7%95%d7%aa
3d3ac5e6597efd5b	200	https://roofschamp.co.il/%d7%99%d7%a8%d7%99%d7%a2%d7%95%d7%aa-%d7%91%d7%99%d7%98%d7%95%d7%9e%d7%a0%d7%99%d7%95%d7%aa/	%d7%99%d7%a8%d7%99%d7%a2%d7%95%d7%aa-%d7%91%d7%99%d7%98%d7%95%d7%9e%d7%a0%d7%99%d7%95%d7%aa
277c7b145c39c39a	200	https://roofschamp.co.il/%d7%a0%d7%99%d7%a7%d7%95%d7%99-%d7%9e%d7%a8%d7%96%d7%91/	%d7%a0%d7%99%d7%a7%d7%95%d7%99-%d7%9e%d7%a8%d7%96%d7%91
c1be7d29367de677	200	https://roofschamp.co.il/%d7%a0%d7%96%d7%99%d7%9c%d7%94-%d7%91%d7%aa%d7%a7%d7%a8%d7%94-%d7%9e%d7%94%d7%a9%d7%9b%d7%9f/	%d7%a0%d7%96%d7%99%d7%9c%d7%94-%d7%91%d7%aa%d7%a7%d7%a8%d7%94-%d7%9e%d7%94%d7%a9%d7%9b%d7%9f
58e775558f9080f7	200	https://roofschamp.co.il/%d7%a1%d7%93%d7%a7%d7%99%d7%9d-%d7%91%d7%a7%d7%99%d7%a8-%d7%97%d7%99%d7%a6%d7%95%d7%a0%d7%99/	%d7%a1%d7%93%d7%a7%d7%99%d7%9d-%d7%91%d7%a7%d7%99%d7%a8-%d7%97%d7%99%d7%a6%d7%95%d7%a0%d7%99
18555e496779a59f	200	https://roofschamp.co.il/%d7%a1%d7%99%d7%95%d7%93-%d7%92%d7%92%d7%95%d7%aa/	%d7%a1%d7%99%d7%95%d7%93-%d7%92%d7%92%d7%95%d7%aa
6030f32683f8554d	200	https://roofschamp.co.il/%d7%a2%d7%9e%d7%95%d7%93-%d7%90%d7%95%d7%93%d7%95%d7%aa/	%d7%a2%d7%9e%d7%95%d7%93-%d7%90%d7%95%d7%93%d7%95%d7%aa
9fb3e268a26f15e7	200	https://roofschamp.co.il/%d7%a2%d7%9e%d7%95%d7%93-%d7%aa%d7%95%d7%93%d7%94/	%d7%a2%d7%9e%d7%95%d7%93-%d7%aa%d7%95%d7%93%d7%94
4b02e41452f03dee	200	https://roofschamp.co.il/%d7%a4%d7%a8%d7%95%d7%99%d7%99%d7%a7%d7%98%d7%99%d7%9d-%d7%9e%d7%95%d7%a8%d7%9b%d7%91%d7%99%d7%9d/	%d7%a4%d7%a8%d7%95%d7%99%d7%99%d7%a7%d7%98%d7%99%d7%9d-%d7%9e%d7%95%d7%a8%d7%9b%d7%91%d7%99%d7%9d
cdb84052447e97d9	200	https://roofschamp.co.il/%d7%a6%d7%a8%d7%95-%d7%a7%d7%a9%d7%a8/	%d7%a6%d7%a8%d7%95-%d7%a7%d7%a9%d7%a8
041d373fe2fec4ee	200	https://roofschamp.co.il/%d7%a7%d7%91%d7%9c%d7%9f-%d7%90%d7%99%d7%98%d7%95%d7%9d-%d7%90%d7%9e%d7%99%d7%9f/	%d7%a7%d7%91%d7%9c%d7%9f-%d7%90%d7%99%d7%98%d7%95%d7%9d-%d7%90%d7%9e%d7%99%d7%9f
1c895cf76c4f7b07	200	https://roofschamp.co.il/%d7%a8%d7%98%d7%99%d7%91%d7%95%d7%aa-%d7%91%d7%aa%d7%a7%d7%a8%d7%94/	%d7%a8%d7%98%d7%99%d7%91%d7%95%d7%aa-%d7%91%d7%aa%d7%a7%d7%a8%d7%94
43c3be85971f0b8f	200	https://roofschamp.co.il/%d7%a8%d7%98%d7%99%d7%91%d7%95%d7%aa-%d7%91%d7%a7%d7%99%d7%a8/	%d7%a8%d7%98%d7%99%d7%91%d7%95%d7%aa-%d7%91%d7%a7%d7%99%d7%a8
2738b21bc6eff45f	200	https://roofschamp.co.il/%d7%a8%d7%98%d7%99%d7%91%d7%95%d7%aa-%d7%91%d7%91%d7%99%d7%aa/	%d7%a8%d7%98%d7%99%d7%91%d7%95%d7%aa-%d7%91%d7%91%d7%99%d7%aa
1822e5fa77f54d28	200	https://roofschamp.co.il/%d7%a8%d7%98%d7%99%d7%91%d7%95%d7%aa-%d7%a7%d7%a4%d7%99%d7%9c%d7%90%d7%a8%d7%99%d7%aa/	%d7%a8%d7%98%d7%99%d7%91%d7%95%d7%aa-%d7%a7%d7%a4%d7%99%d7%9c%d7%90%d7%a8%d7%99%d7%aa
646622fe915d09b0	200	https://roofschamp.co.il/%d7%aa%d7%99%d7%a7%d7%95%d7%9f-%d7%92%d7%92%d7%95%d7%aa/	%d7%aa%d7%99%d7%a7%d7%95%d7%9f-%d7%92%d7%92%d7%95%d7%aa
c1ca22e1efac671a	200	https://roofschamp.co.il/%d7%aa%d7%99%d7%a7%d7%95%d7%9f-%d7%9e%d7%a8%d7%96%d7%91%d7%99%d7%9d/	%d7%aa%d7%99%d7%a7%d7%95%d7%9f-%d7%9e%d7%a8%d7%96%d7%91%d7%99%d7%9d
369bac17ead09eb9	200	https://roofschamp.co.il/category/uncategorized/	category/uncategorized
b5587142f8f278fe	200	https://roofschamp.co.il/%d7%aa%d7%99%d7%a7%d7%95%d7%9f-%d7%a0%d7%96%d7%99%d7%9c%d7%94-%d7%91%d7%a1%d7%98%d7%95%d7%93%d7%99%d7%95-%d7%a9%d7%9c-%d7%94%d7%93%d7%a8/	%d7%aa%d7%99%d7%a7%d7%95%d7%9f-%d7%a0%d7%96%d7%99%d7%9c%d7%94-%d7%91%d7%a1%d7%98%d7%95%d7%93%d7%99%d7%95-%d7%a9%d7%9c-%d7%94%d7%93%d7%a8
9e193b2d90b40056	200	https://roofschamp.co.il/%d7%aa%d7%a0%d7%90%d7%99-%d7%a9%d7%99%d7%9e%d7%95%d7%a9/	%d7%aa%d7%a0%d7%90%d7%99-%d7%a9%d7%99%d7%9e%d7%95%d7%a9
13e36b156b1e8f43	200	https://roofschamp.co.il/%d7%aa%d7%99%d7%a7%d7%95%d7%9f-%d7%9e%d7%a8%d7%96%d7%91-%d7%a4%d7%a0%d7%99%d7%9e%d7%99/	%d7%aa%d7%99%d7%a7%d7%95%d7%9f-%d7%9e%d7%a8%d7%96%d7%91-%d7%a4%d7%a0%d7%99%d7%9e%d7%99
